
> mubx-portfolio@0.1.0 build
> next build --webpack

Γû▓ Next.js 16.1.6 (webpack)
- Environments: .env.local
- Experiments (use with caution):
  ┬╖ urlImports

ΓÜá The "middleware" file convention is deprecated. Please use "proxy" instead. Learn more: https://nextjs.org/docs/messages/middleware-to-proxy
  Creating an optimized production build ...
Failed to compile.

https://framerusercontent.com/modules/Kn6arq1z5aOGdj4Fy9r1/dgC979yXQmB0o7ayW1eS/XypzAWksI.js
Attempted import error: 'getFonts' is not exported from 'framer' (imported as 'getFonts').

Import trace for requested module:
https://framerusercontent.com/modules/Kn6arq1z5aOGdj4Fy9r1/dgC979yXQmB0o7ayW1eS/XypzAWksI.js
https://framer.com/m/FAQs-2cVV.js@dgC979yXQmB0o7ayW1eS
./src/components/framer/FramerComponents.tsx

https://framerusercontent.com/modules/Kn6arq1z5aOGdj4Fy9r1/dgC979yXQmB0o7ayW1eS/XypzAWksI.js
Attempted import error: 'getFonts' is not exported from 'framer' (imported as 'getFonts').

Import trace for requested module:
https://framerusercontent.com/modules/Kn6arq1z5aOGdj4Fy9r1/dgC979yXQmB0o7ayW1eS/XypzAWksI.js
https://framer.com/m/FAQs-2cVV.js@dgC979yXQmB0o7ayW1eS
./src/components/framer/FramerComponents.tsx

https://framerusercontent.com/modules/Kn6arq1z5aOGdj4Fy9r1/dgC979yXQmB0o7ayW1eS/XypzAWksI.js
Attempted import error: 'useLocaleInfo' is not exported from 'framer' (imported as 'useLocaleInfo').

Import trace for requested module:
https://framerusercontent.com/modules/Kn6arq1z5aOGdj4Fy9r1/dgC979yXQmB0o7ayW1eS/XypzAWksI.js
https://framer.com/m/FAQs-2cVV.js@dgC979yXQmB0o7ayW1eS
./src/components/framer/FramerComponents.tsx

https://framerusercontent.com/modules/Kn6arq1z5aOGdj4Fy9r1/dgC979yXQmB0o7ayW1eS/XypzAWksI.js
Attempted import error: 'useComponentViewport' is not exported from 'framer' (imported as 'useComponentViewport').

Import trace for requested module:
https://framerusercontent.com/modules/Kn6arq1z5aOGdj4Fy9r1/dgC979yXQmB0o7ayW1eS/XypzAWksI.js
https://framer.com/m/FAQs-2cVV.js@dgC979yXQmB0o7ayW1eS
./src/components/framer/FramerComponents.tsx

https://framerusercontent.com/modules/Kn6arq1z5aOGdj4Fy9r1/dgC979yXQmB0o7ayW1eS/XypzAWksI.js
Attempted import error: 'useVariantState' is not exported from 'framer' (imported as 'useVariantState').

Import trace for requested module:
https://framerusercontent.com/modules/Kn6arq1z5aOGdj4Fy9r1/dgC979yXQmB0o7ayW1eS/XypzAWksI.js
https://framer.com/m/FAQs-2cVV.js@dgC979yXQmB0o7ayW1eS
./src/components/framer/FramerComponents.tsx


> Build failed because of webpack errors
